bash: next: command not found
